2025-10-01 20:30:12,466 [INFO] HTTP Request: GET https://www.vinted.fr/api/v2/catalog/items?search_text=one+piece+tome&page=1&per_page=20&order=newest_first "HTTP/1.1 401 Unauthorized"
2025-10-01 20:31:12,559 [INFO] HTTP Request: GET https://www.vinted.fr/api/v2/catalog/items?search_text=one+piece+tome&page=1&per_page=20&order=newest_first "HTTP/1.1 401 Unauthorized"
2025-10-01 20:31:35,168 [INFO] HTTP Request: GET https://www.vinted.fr/api/v2/catalog/items?search_text=one+piece+tome&page=1&per_page=20&order=newest_first "HTTP/1.1 401 Unauthorized"
2025-10-01 20:31:35,169 [INFO] 401 reçu – tentative de ré-initialisation session et retry
2025-10-01 20:31:35,498 [INFO] HTTP Request: GET https://www.vinted.fr/ "HTTP/1.1 200 OK"
2025-10-01 20:31:36,271 [INFO] HTTP Request: GET https://www.vinted.fr/api/v2/catalog/items?search_text=one+piece+tome&page=1&per_page=20&order=newest_first "HTTP/1.1 200 OK"
2025-10-01 20:32:36,697 [INFO] HTTP Request: GET https://www.vinted.fr/api/v2/catalog/items?search_text=one+piece+tome&page=1&per_page=20&order=newest_first "HTTP/1.1 200 OK"
2025-10-01 20:33:37,492 [INFO] HTTP Request: GET https://www.vinted.fr/api/v2/catalog/items?search_text=one+piece+tome&page=1&per_page=20&order=newest_first "HTTP/1.1 200 OK"
2025-10-01 20:35:28,177 [INFO] HTTP Request: GET https://www.vinted.fr/api/v2/catalog/items?search_text=one+piece+tome&page=1&per_page=20&order=newest_first "HTTP/1.1 401 Unauthorized"
2025-10-01 20:35:28,177 [INFO] 401 reçu – tentative de ré-initialisation session et retry
2025-10-01 20:35:28,739 [INFO] HTTP Request: GET https://www.vinted.fr/ "HTTP/1.1 200 OK"
2025-10-01 20:35:29,329 [INFO] HTTP Request: GET https://www.vinted.fr/api/v2/catalog/items?search_text=one+piece+tome&page=1&per_page=20&order=newest_first "HTTP/1.1 200 OK"
2025-10-01 20:36:29,714 [INFO] HTTP Request: GET https://www.vinted.fr/api/v2/catalog/items?search_text=one+piece+tome&page=1&per_page=20&order=newest_first "HTTP/1.1 200 OK"
2025-10-01 20:37:30,162 [INFO] HTTP Request: GET https://www.vinted.fr/api/v2/catalog/items?search_text=one+piece+tome&page=1&per_page=20&order=newest_first "HTTP/1.1 200 OK"
2025-10-01 20:38:02,312 [INFO] HTTP Request: GET https://www.vinted.fr/api/v2/catalog/items?search_text=one+piece+tome&page=1&per_page=20&order=newest_first "HTTP/1.1 401 Unauthorized"
2025-10-01 20:38:02,313 [INFO] 401 reçu – tentative de ré-initialisation session et retry
2025-10-01 20:38:03,150 [INFO] HTTP Request: GET https://www.vinted.fr/ "HTTP/1.1 200 OK"
2025-10-01 20:38:03,746 [INFO] HTTP Request: GET https://www.vinted.fr/api/v2/catalog/items?search_text=one+piece+tome&page=1&per_page=20&order=newest_first "HTTP/1.1 200 OK"
2025-10-01 20:39:04,231 [INFO] HTTP Request: GET https://www.vinted.fr/api/v2/catalog/items?search_text=one+piece+tome&page=1&per_page=20&order=newest_first "HTTP/1.1 200 OK"
2025-10-01 20:39:22,342 [INFO] HTTP Request: GET https://www.vinted.fr/api/v2/catalog/items?search_text=one+piece+tome&page=1&per_page=20&order=newest_first "HTTP/1.1 401 Unauthorized"
2025-10-01 20:39:22,343 [INFO] 401 reçu – tentative de ré-initialisation session et retry
2025-10-01 20:39:22,825 [INFO] HTTP Request: GET https://www.vinted.fr/ "HTTP/1.1 200 OK"
2025-10-01 20:39:23,413 [INFO] HTTP Request: GET https://www.vinted.fr/api/v2/catalog/items?search_text=one+piece+tome&page=1&per_page=20&order=newest_first "HTTP/1.1 200 OK"
2025-10-01 20:40:23,791 [INFO] HTTP Request: GET https://www.vinted.fr/api/v2/catalog/items?search_text=one+piece+tome&page=1&per_page=20&order=newest_first "HTTP/1.1 200 OK"
2025-10-01 20:41:24,223 [INFO] HTTP Request: GET https://www.vinted.fr/api/v2/catalog/items?search_text=one+piece+tome&page=1&per_page=20&order=newest_first "HTTP/1.1 200 OK"
2025-10-01 20:42:24,627 [INFO] HTTP Request: GET https://www.vinted.fr/api/v2/catalog/items?search_text=one+piece+tome&page=1&per_page=20&order=newest_first "HTTP/1.1 200 OK"
2025-10-01 20:43:25,670 [INFO] HTTP Request: GET https://www.vinted.fr/api/v2/catalog/items?search_text=one+piece+tome&page=1&per_page=20&order=newest_first "HTTP/1.1 200 OK"
2025-10-01 20:44:26,147 [INFO] HTTP Request: GET https://www.vinted.fr/api/v2/catalog/items?search_text=one+piece+tome&page=1&per_page=20&order=newest_first "HTTP/1.1 200 OK"
2025-10-01 20:45:35,695 [INFO] HTTP Request: GET https://www.vinted.fr/api/v2/catalog/items?search_text=one+piece+tome&page=1&per_page=20&order=newest_first "HTTP/1.1 401 Unauthorized"
2025-10-01 20:45:35,696 [INFO] 401 reçu – tentative de ré-initialisation session et retry
2025-10-01 20:45:36,508 [INFO] HTTP Request: GET https://www.vinted.fr/ "HTTP/1.1 200 OK"
2025-10-01 20:45:37,179 [INFO] HTTP Request: GET https://www.vinted.fr/api/v2/catalog/items?search_text=one+piece+tome&page=1&per_page=20&order=newest_first "HTTP/1.1 200 OK"
2025-10-01 20:46:37,837 [INFO] HTTP Request: GET https://www.vinted.fr/api/v2/catalog/items?search_text=one+piece+tome&page=1&per_page=20&order=newest_first "HTTP/1.1 200 OK"
2025-10-01 20:47:38,379 [INFO] HTTP Request: GET https://www.vinted.fr/api/v2/catalog/items?search_text=one+piece+tome&page=1&per_page=20&order=newest_first "HTTP/1.1 200 OK"
2025-10-01 20:48:38,927 [INFO] HTTP Request: GET https://www.vinted.fr/api/v2/catalog/items?search_text=one+piece+tome&page=1&per_page=20&order=newest_first "HTTP/1.1 200 OK"
2025-10-01 20:50:11,343 [INFO] HTTP Request: GET https://www.vinted.fr/api/v2/catalog/items?search_text=one+piece+tome&page=1&per_page=20&order=newest_first "HTTP/1.1 401 Unauthorized"
2025-10-01 20:50:11,343 [INFO] 401 reçu – ré-init session (query=one piece tome) et retry
2025-10-01 20:50:11,935 [INFO] HTTP Request: GET https://www.vinted.fr/ "HTTP/1.1 200 OK"
2025-10-01 20:50:12,664 [INFO] HTTP Request: GET https://www.vinted.fr/api/v2/catalog/items?search_text=one+piece+tome&page=1&per_page=20&order=newest_first "HTTP/1.1 200 OK"
2025-10-01 20:50:13,209 [INFO] HTTP Request: GET https://www.vinted.fr/api/v2/catalog/items?search_text=bleach+tome&page=1&per_page=20&order=newest_first "HTTP/1.1 200 OK"
2025-10-01 20:51:43,698 [INFO] HTTP Request: GET https://www.vinted.fr/api/v2/catalog/items?search_text=one+piece+tome&page=1&per_page=20&order=newest_first "HTTP/1.1 200 OK"
2025-10-01 20:51:44,179 [INFO] HTTP Request: GET https://www.vinted.fr/api/v2/catalog/items?search_text=bleach+tome&page=1&per_page=20&order=newest_first "HTTP/1.1 200 OK"
2025-10-01 20:52:55,434 [INFO] HTTP Request: GET https://www.vinted.fr/api/v2/catalog/items?search_text=calculatrice+numworks&page=1&per_page=20&order=newest_first "HTTP/1.1 401 Unauthorized"
2025-10-01 20:52:55,434 [INFO] 401 reçu – ré-init session (query=calculatrice numworks) et retry
2025-10-01 20:52:56,505 [INFO] HTTP Request: GET https://www.vinted.fr/ "HTTP/1.1 200 OK"
2025-10-01 20:52:57,179 [INFO] HTTP Request: GET https://www.vinted.fr/api/v2/catalog/items?search_text=calculatrice+numworks&page=1&per_page=20&order=newest_first "HTTP/1.1 200 OK"
2025-10-01 20:52:57,593 [INFO] HTTP Request: GET https://www.vinted.fr/api/v2/catalog/items?search_text=calculatrice+numwork&page=1&per_page=20&order=newest_first "HTTP/1.1 200 OK"
2025-10-01 20:54:28,165 [INFO] HTTP Request: GET https://www.vinted.fr/api/v2/catalog/items?search_text=calculatrice+numworks&page=1&per_page=20&order=newest_first "HTTP/1.1 200 OK"
2025-10-01 20:54:28,467 [INFO] HTTP Request: GET https://www.vinted.fr/api/v2/catalog/items?search_text=calculatrice+numwork&page=1&per_page=20&order=newest_first "HTTP/1.1 200 OK"
2025-10-01 20:55:58,536 [INFO] HTTP Request: GET https://www.vinted.fr/api/v2/catalog/items?search_text=calculatrice+numworks&page=1&per_page=20&order=newest_first "HTTP/1.1 403 Forbidden"
2025-10-01 20:58:38,995 [INFO] HTTP Request: GET https://www.vinted.fr/api/v2/catalog/items?search_text=calculatrice+numworks&page=1&per_page=20&order=newest_first "HTTP/1.1 403 Forbidden"
2025-10-01 20:58:39,000 [WARNING] 403 reçu (calculatrice numworks page 1) – rotation UA & backoff
2025-10-01 20:58:40,146 [INFO] HTTP Request: GET https://www.vinted.fr/api/v2/catalog/items?search_text=calculatrice+numworks&page=1&per_page=20&order=newest_first "HTTP/1.1 403 Forbidden"
2025-10-01 20:58:40,148 [WARNING] 403 reçu (calculatrice numworks page 1) – rotation UA & backoff
2025-10-01 20:58:43,010 [INFO] HTTP Request: GET https://www.vinted.fr/api/v2/catalog/items?search_text=calculatrice+numworks&page=1&per_page=20&order=newest_first "HTTP/1.1 403 Forbidden"
2025-10-01 21:00:13,073 [INFO] HTTP Request: GET https://www.vinted.fr/api/v2/catalog/items?search_text=calculatrice+numworks&page=1&per_page=20&order=newest_first "HTTP/1.1 403 Forbidden"
2025-10-01 21:00:13,079 [WARNING] 403 reçu (calculatrice numworks page 1) – rotation UA & backoff
2025-10-01 21:00:15,071 [INFO] HTTP Request: GET https://www.vinted.fr/api/v2/catalog/items?search_text=calculatrice+numworks&page=1&per_page=20&order=newest_first "HTTP/1.1 403 Forbidden"
2025-10-01 21:00:15,072 [WARNING] 403 reçu (calculatrice numworks page 1) – rotation UA & backoff
2025-10-01 21:00:17,480 [INFO] HTTP Request: GET https://www.vinted.fr/api/v2/catalog/items?search_text=calculatrice+numworks&page=1&per_page=20&order=newest_first "HTTP/1.1 403 Forbidden"
2025-10-01 21:00:36,811 [INFO] HTTP Request: GET https://www.vinted.fr/api/v2/catalog/items?search_text=calculatrice+numworks&page=1&per_page=20&order=newest_first "HTTP/1.1 403 Forbidden"
2025-10-01 21:00:38,340 [INFO] HTTP Request: GET https://www.vinted.fr/api/v2/catalog/items?search_text=calculatrice+numworks&page=1&per_page=20&order=newest_first "HTTP/1.1 403 Forbidden"
2025-10-01 21:00:40,605 [INFO] HTTP Request: GET https://www.vinted.fr/api/v2/catalog/items?search_text=calculatrice+numworks&page=1&per_page=20&order=newest_first "HTTP/1.1 403 Forbidden"
2025-10-01 21:00:40,607 [WARNING] Abandon (calculatrice numworks page 1) status=403 après 3 essais
2025-10-01 21:01:00,692 [INFO] HTTP Request: GET https://www.vinted.fr/api/v2/catalog/items?search_text=calculatrice+numwork&page=1&per_page=20&order=newest_first "HTTP/1.1 403 Forbidden"
2025-10-01 21:01:02,309 [INFO] HTTP Request: GET https://www.vinted.fr/api/v2/catalog/items?search_text=calculatrice+numwork&page=1&per_page=20&order=newest_first "HTTP/1.1 403 Forbidden"
2025-10-01 21:01:04,622 [INFO] HTTP Request: GET https://www.vinted.fr/api/v2/catalog/items?search_text=calculatrice+numwork&page=1&per_page=20&order=newest_first "HTTP/1.1 403 Forbidden"
2025-10-01 21:01:04,645 [WARNING] Abandon (calculatrice numwork page 1) status=403 après 3 essais
2025-10-01 21:02:35,197 [INFO] HTTP Request: GET https://www.vinted.fr/api/v2/catalog/items?search_text=calculatrice+numworks&page=1&per_page=20&order=newest_first "HTTP/1.1 403 Forbidden"
2025-10-01 21:02:36,704 [INFO] HTTP Request: GET https://www.vinted.fr/api/v2/catalog/items?search_text=calculatrice+numworks&page=1&per_page=20&order=newest_first "HTTP/1.1 403 Forbidden"
2025-10-01 21:02:39,595 [INFO] HTTP Request: GET https://www.vinted.fr/api/v2/catalog/items?search_text=calculatrice+numworks&page=1&per_page=20&order=newest_first "HTTP/1.1 403 Forbidden"
2025-10-01 21:02:39,597 [WARNING] Abandon (calculatrice numworks page 1) status=403 après 3 essais
2025-10-01 21:02:59,642 [INFO] HTTP Request: GET https://www.vinted.fr/api/v2/catalog/items?search_text=calculatrice+numwork&page=1&per_page=20&order=newest_first "HTTP/1.1 403 Forbidden"
2025-10-01 21:03:00,795 [INFO] HTTP Request: GET https://www.vinted.fr/api/v2/catalog/items?search_text=calculatrice+numwork&page=1&per_page=20&order=newest_first "HTTP/1.1 403 Forbidden"
2025-10-01 21:03:03,419 [INFO] HTTP Request: GET https://www.vinted.fr/api/v2/catalog/items?search_text=calculatrice+numwork&page=1&per_page=20&order=newest_first "HTTP/1.1 403 Forbidden"
2025-10-01 21:03:03,421 [WARNING] Abandon (calculatrice numwork page 1) status=403 après 3 essais
2025-10-01 21:04:33,510 [INFO] HTTP Request: GET https://www.vinted.fr/api/v2/catalog/items?search_text=calculatrice+numworks&page=1&per_page=20&order=newest_first "HTTP/1.1 403 Forbidden"
2025-10-01 21:04:35,166 [INFO] HTTP Request: GET https://www.vinted.fr/api/v2/catalog/items?search_text=calculatrice+numworks&page=1&per_page=20&order=newest_first "HTTP/1.1 403 Forbidden"
2025-10-01 21:04:38,245 [INFO] HTTP Request: GET https://www.vinted.fr/api/v2/catalog/items?search_text=calculatrice+numworks&page=1&per_page=20&order=newest_first "HTTP/1.1 403 Forbidden"
2025-10-01 21:04:38,247 [WARNING] Abandon (calculatrice numworks page 1) status=403 après 3 essais
2025-10-01 21:04:58,332 [INFO] HTTP Request: GET https://www.vinted.fr/api/v2/catalog/items?search_text=calculatrice+numwork&page=1&per_page=20&order=newest_first "HTTP/1.1 403 Forbidden"
2025-10-01 21:05:00,022 [INFO] HTTP Request: GET https://www.vinted.fr/api/v2/catalog/items?search_text=calculatrice+numwork&page=1&per_page=20&order=newest_first "HTTP/1.1 403 Forbidden"
2025-10-01 21:05:02,148 [INFO] HTTP Request: GET https://www.vinted.fr/api/v2/catalog/items?search_text=calculatrice+numwork&page=1&per_page=20&order=newest_first "HTTP/1.1 403 Forbidden"
2025-10-01 21:05:02,149 [WARNING] Abandon (calculatrice numwork page 1) status=403 après 3 essais
